gcc -g p2original.c
îº§ gdb a.out
GNU gdb (Ubuntu 8.1.1-0ubuntu1) 8.1.1
Copyright (C) 2018 Free Software Foundation, Inc.
License GPLv3+: GNU GPL version 3 or later <http://gnu.org/licenses/gpl.html>
This is free software: you are free to change and redistribute it.
There is NO WARRANTY, to the extent permitted by law.  Type "show copying"
and "show warranty" for details.
This GDB was configured as "x86_64-linux-gnu".
Type "show configuration" for configuration details.
For bug reporting instructions, please see:
<http://www.gnu.org/software/gdb/bugs/>.
Find the GDB manual and other documentation resources online at:
<http://www.gnu.org/software/gdb/documentation/>.
For help, type "help".
Type "apropos word" to search for commands related to "word"...
Reading symbols from a.out...done.
(gdb) b main
Breakpoint 1 at 0x867: file p2original.c, line 38.
(gdb) r
Starting program: /home/runner/ppa-IA2-practice2/a.out 
warning: Error disabling address space randomization: Operation not permitted

Breakpoint 1, main () at p2original.c:38
38    a = input_side ();
(gdb) s
input_side () at p2original.c:9
9   {
(gdb) n
11    printf ("Enter the side of triangle\n");
(gdb) n
Enter the side of triangle
12    scanf ("%d", &n);
(gdb) n
1
13    return n;
(gdb) n
14  }
(gdb) p n
$1 = 1
(gdb) n
main () at p2original.c:39
39    b = input_side ();
(gdb) s
input_side () at p2original.c:9
9   {
(gdb) n
11    printf ("Enter the side of triangle\n");
(gdb) n
Enter the side of triangle
12    scanf ("%d", &n);
(gdb) n
2
13    return n;
(gdb) n
14  }
(gdb) p n
$2 = 2
(gdb) n
main () at p2original.c:40
40    c = input_side ();
(gdb) s
input_side () at p2original.c:9
9   {
(gdb) n
11    printf ("Enter the side of triangle\n");
(gdb) n
Enter the side of triangle
12    scanf ("%d", &n);
(gdb) n
1
13    return n;
(gdb) n
14  }
(gdb) p n
$3 = 1
(gdb) n
main () at p2original.c:41
41    isscalene = check_scalene (a, b, c);
(gdb) s
check_scalene (a=1, b=2, c=1) at p2original.c:17
17    if (a == b && b == c)
(gdb) n
19    else if (a == b || b == c || c == a)
(gdb) n
20      return 1;
(gdb) n
23  }
(gdb) n
main () at p2original.c:42
42    output (a, b, c, isscalene);
(gdb) s
output (a=1, b=2, c=1, isscalene=1) at p2original.c:26
26    if (isscalene == 2)
(gdb) n
32        printf ("The traingle with sides %d,%d,%d is not scalene\n", a, b, c);
(gdb) n
The traingle with sides 1,2,1 is not scalene
34  }
(gdb) n
main () at p2original.c:43
43    return 0;
(gdb) c
Continuing.
[Inferior 1 (process 663) exited normally]
(gdb) 
