gcc -g p7original.c
îº§ gdb a.out
GNU gdb (Ubuntu 8.1.1-0ubuntu1) 8.1.1
Copyright (C) 2018 Free Software Foundation, Inc.
License GPLv3+: GNU GPL version 3 or later <http://gnu.org/licenses/gpl.html>
This is free software: you are free to change and redistribute it.
There is NO WARRANTY, to the extent permitted by law.  Type "show copying"
and "show warranty" for details.
This GDB was configured as "x86_64-linux-gnu".
Type "show configuration" for configuration details.
For bug reporting instructions, please see:
<http://www.gnu.org/software/gdb/bugs/>.
Find the GDB manual and other documentation resources online at:
<http://www.gnu.org/software/gdb/documentation/>.
For help, type "help".
Type "apropos word" to search for commands related to "word"...
Reading symbols from a.out...done.
(gdb) b main
Breakpoint 1 at 0x877: file p7original.c, line 35.
(gdb) r
Starting program: /home/runner/ppa-IA2-practice2/a.out 
warning: Error disabling address space randomization: Operation not permitted

Breakpoint 1, main () at p7original.c:35
35  {
(gdb) n
37  t=input_triangle();
(gdb) s
input_triangle () at p7original.c:20
20  {
(gdb) n
22    printf ("Enter base and altitude of triangle \n");
(gdb) n
Enter base and altitude of triangle 
23    scanf ("%f%f", &t.base, &t.altitude);
(gdb) n
1 2
24    return t;
(gdb) n
25  }
(gdb) p t
$1 = {base = 1, altitude = 2, area = -9.59065726e-14}
(gdb) n
main () at p7original.c:38
38  find_area(&t);
(gdb) s
find_area (t=0x7fff6dd8b3ac) at p7original.c:28
28    t->area=0.5*t->base*t->altitude;
(gdb) n
29  }
(gdb) p *t
$2 = {base = 1, altitude = 2, area = 1}
(gdb) n
main () at p7original.c:39
39  output(t);
(gdb) s
output (t=...) at p7original.c:32
32    printf("Triangle with base and altitude %f,%f of area is of %f \n",t.base,t.altitude,t.area);
(gdb) n
Triangle with base and altitude 1.000000,2.000000 of area is of 1.000000 
33  }
(gdb) n
main () at p7original.c:40
40  return 0;
(gdb) c
Continuing.
[Inferior 1 (process 129) exited normally]
(gdb) 
